[game316009.konggames.com/gamez/0031/6009/live/index.html]
[backblue.gif]
[fade.gif]
[index.html]
[game316009.konggames.com/gamez/0031/6009/live/html5game/splash.png]
[game316009.konggames.com/gamez/0031/6009/live/index.html]
[game316009.konggames.com/gamez/0031/6009/live/html5game/RetroBowlb283.js]
[game316009.konggames.com/gamez/0031/6009/live/html5game/RetroBowlb283.js]
[game316009.konggames.com/gamez/0031/6009/live/RetroBowl_texture_1.html]
[game316009.konggames.com/gamez/0031/6009/live/uniforms_default.html]
[game316009.konggames.com/gamez/0031/6009/live/ProTeams_CO.html]
[game316009.konggames.com/gamez/0031/6009/live/uniforms_custom_1.html]
[game316009.konggames.com/gamez/0031/6009/live/uniforms_custom_2.html]
[game316009.konggames.com/gamez/0031/6009/live/uniforms_custom_3.html]
[game316009.konggames.com/gamez/0031/6009/live/uniforms_custom_4.html]
[game316009.konggames.com/gamez/0031/6009/live/uniforms_custom_5.html]
[game316009.konggames.com/gamez/0031/6009/live/PlayerRecords.html]
[game316009.konggames.com/gamez/0031/6009/live/Achievements.html]
[game316009.konggames.com/gamez/0031/6009/live/Shopping.html]
[game316009.konggames.com/gamez/0031/6009/live/Hobbies_CO.html]
[game316009.konggames.com/gamez/0031/6009/live/MajorMinor_CO.html]
[game316009.konggames.com/gamez/0031/6009/live/Cities_CO.html]
[game316009.konggames.com/gamez/0031/6009/live/Traits_CO.html]
[game316009.konggames.com/gamez/0031/6009/live/EpilogueValues_CO.html]
[game316009.konggames.com/gamez/0031/6009/live/RetroBowlHOF.html]
[game316009.konggames.com/gamez/0031/6009/live/RetroBowl_History.html]
[game316009.konggames.com/gamez/0031/6009/live/Schedule17.html]
[game316009.konggames.com/gamez/0031/6009/live/Schedule_CO.html]
[game316009.konggames.com/gamez/0031/6009/live/Colleges.html]
[game316009.konggames.com/gamez/0031/6009/live/Charities.html]
[game316009.konggames.com/gamez/0031/6009/live/Names_F1.html]
[game316009.konggames.com/gamez/0031/6009/live/Names_L.html]
[game316009.konggames.com/gamez/0031/6009/live/GET.html]
[game316009.konggames.com/gamez/0031/6009/live/trident/index.html]
[game316009.konggames.com/gamez/0031/6009/live/AcroPDF.html]
[game316009.konggames.com/gamez/0031/6009/live/html5game/index.html]
[game316009.konggames.com/gamez/0031/6009/live/HEAD.html]
